50 points for getting _____ through Myrtle's head.
Acceptable pets at Hogwards include cats, owls and _____.
Accio _____! (It came.)
After a mistake in the Polyjuice Potion, Hermione turned into _____.
After a subtle mistake in the brewing of Polyjuice Potion, Hermione was shocked to fund out she had turned into _____.
After _____, Hermione knew she had chosen Ron.
After months of practicing magic, I think I'm ready for _____.
After overdosing on Felix Felicis, I couldn't stop _____.
After Quidditch was cancelled, everyone turned to playing _____.
After seven years, Lily Evans finally fell in love with James Potter after _____.
After the Sorting Hat was placed on his head, Harry did not expect the voice in his ear to whisper _____.
Ah, _____. Just like Granny used to make.
Albus Dumbledore has kept _____ hidded from Harry Potter.
Albus Dumbledore masturbates to _____.
And then, everything was ruined by _____.
And third, to Mr. Harry Potter for _____. I award Gryffindor house 60 points.
Any problem can be solved by _____.
Any wizard in his right mind would be ashamed of _____.
Are there laws against _____?
As a new rule, this year students are forbidden to enter _____.
As his first act as Minister of Magic, Kingsley Shacklebolt created the Department of _____.
Astoria Greengrass wants _____ for Christmas.
_____: bad enough to give Mad-Eye Moody nightmares.
Because Ginny had six brothers, she learned a lot about _____.
Before Filch became the Hogwarts caretaker he was _____.
Before traveling by toilet beaome the norm, the Ministry used _____ as a Portkey.
Bellatrix Lestrange is onl trial for _____.
_____ beyond measure is man's greatest treasure.
Bill Weasley really struggles with _____.
_____ can kill you, you know.
_____ cannot be penetrated by hand, vanished, parted, scooped up, or siphoned away.
Cause of death: _____.
Damn! I forgot to do my _____ homework.
Death Eater activity has been blamed for _____.
Death Eaters smell like _____.
Deep within the bowels of Gringotts, is a vault filled with nothing but _____.
Delores Umbridge made it her mission at Hogwarts to crack down on _____.
Did you hear? There was an accident in Potions that resulted in _____.
Dobby's last word(s) should have been _____.
Dolores Umbridge has banned _____.
Don't miss Gilderoy Lockhart's newest book: _____ and _____.
Don't miss Gilderoy Lockhart's newest book: _____ with _____.
Doubledore should have never hidden _____ from Harry for so long.
Draco Malfoy is terrified of _____.
Due to a security breach the new password for the prefect's bathroom is _____.
Due to dementor desertion, Azkaban will now be guarded by _____.
Due to Dementors deserting Askaban, it will now be guarded by _____.
Dumbledore grieves over _____.
Dumbledore has hidden _____ in the Room of Requirement.
Dumbledore never answers my owls about _____.
Dumbledore was in love with _____.
Dumbledore was secretly in love with _____ all along.
Eat _____, Malfoy!
Educational Decree No. 45: The Ministry of Magic names _____ the new Head of Hogwarts.
Education Decree No. 27: _____.
Even _____ would have been a better name than Albus Severus.
Everybody knows Hogwarts' biggest player is _____.
Everyone laughed when they found out Draco Malfoy's patronus was _____.
Ew. No way, not even if you were _____.
Eye of rabbit, harp string hum. Turn this water into _____.
Feels like fire whiskey, tastes like _____.
Filch has finally banned _____ from the halls at Hogwarts.
Fluffy goes right to sleep at the sound of _____.
For 500 Chocolate Frogs, the Slytherins can arrange for _____ to be smuggled into the castle.
Freeze motherfuckers, it's _____!
Grawp finally learned a useful skill: _____.
Gryffindors are well known for _____.
Guess who's coming to dinner! _____!
Guess who's dead! That's right, _____!
Hagrid has very valuable advice about _____.
Hagrid removes the sole item inside vault 713: _____.
HARRY, DID YOU PUT YOUR _____ IN THE _____?
Harry even tried swallowing _____ to win his next Quidditch match.
Harry is naming his next kid _____ _____ Potter.
Harry, please. You're talking to the man who raised _____.
Harry _____ Potter.
Harry Potter and _____.
Harry Potter and the Goblet of _____.
Harry Potter and the _____ of _____.
Harry Potter is only made stronger by _____.
Harry Potter must not go back to Hogwarts! He must _____.
Harry Potter of _____. _____is the new craze amonst teenage witches these days.
Harry Potter really likes _____ in bed.
_____ has a very tiny asshole.
He just started conjuring _____. I thought it was a terrible idea.
He kept trying to cast Engorgio charms on _____.
"Here," Professor Lupin said to Harry, handing him _____. "Eat it. It'll help."
Hermione also had a lot of _____ in her magic bag.
Hermione Granger gets off on thoughts of _____.
Hermionne _____ Granger.
Hogwarts isn't Hogwards without _____.
Hogwarts' newest detention: cleaning _____ by hand.
Hogwarts School of witchcraft and _____.
Hogwarts school song goes "Hogwarts, Hogwarts, Hoggy Warty Hogwarts, _____."
Honeydukes now carries a candy that turns you into _____.
Honeydukes now offers _____ covered in _____.
How can you have sex with _____ watching?
I accidentally transfigured _____ into _____.
I actually had sex with _____ and it was fine.
I can't believe Harry Potter got away with _____.
I can't go to Hogsmeade, I have 12 scrolls about _____ due tomorrow!
I'd hate to have _____ as a dueling opponent.
I didn't expect the Room of Requirement to give me _____.
I don't know how I got it, but this _____ on my forehead is pretty wicked.
I don't think enough people consider the sexual applications of _____.
I don't think you should add _____ to this situation.
I drink fire whiskey to forget _____.
If Dumbledore hadn't fallen for Grindlewald, his second choice would have been _____.
If I had a horcrux, I'd use _____ as a vessel.
If it weren't for _____, I wouldn't have spent that time in Azkaban.
I found a ton of _____ in the restricted section.
If you ask me, _____ was the most useless character in the entire franchise.
If you don't like _____, when not just go to Beauxbatons?
If you like _____, you should attend Durmstrang.
I got a Q on my NEWT in _____.
I got _____ for Christmas.
I got this bruise from _____.
I have a lot of appreciation for _____, you know.
I have nightmares about _____.
I keep _____ in my moleskin pouch.
I like beautiful evenings, long walks in the Forbidden Forest and _____ with a centaur.
I'll trade you a chocolate frog for _____.
I lost my wand inside _____.
I'm allergic to _____, I'm a Hufflepuff.
I managed to lose our house 100 points by _____.
I mean, _____? Really? So cliche.
I'm going to bed, before either of you come up with another clever idea to get us killed or worse: _____.
I most admire Serverus Snape for _____.
I'm sorry Professor, but I couldn't complete my homework because I was _____.
In an alternate version of the epilogue, Hermione Granger ends up with _____.
In a peculiar turn of events the new Bertie Bott's Bean will taste like _____.
"I need more _____ in my life," said _____.
I never expected to find _____ under Profesor McGonagall's robes.
I never expected to take the form of a _____ when I became an Animagus.
In fighting against _____, Hogwarts can only become united.
In his latest unorthodox adventure, Harry Potter must face his fear of _____ to defeat _____.
In his latest world domination strategy, Voldemort will use _____ to conquer the Ministry of Magic.
In retrospect, it was a dead giveaway when they said their Amortentia smelled like _____.
In secret, Hermione goes to the library to think about _____.
In secret Hermione Granger goes to the library to think about _____.
Inside my Chamber of Secrets there is _____.
Instead of using blood for ink, Delores Umbridge uses _____.
In ten years, I'd love to see Hogwarts have _____.
_____ IN THE DUNGEON! Thought you'd like to know.
In the latest Hogwarts scandal, students have been found using _____ to get themselves off.
In today's Charms lesson, I will teach you the spell for _____.
In truth, Hagrid was really expelled from Hogwarts because of _____.
I overdosed on Felix Felicis and found _____.
I saw you _____ on Marauders Map last night with _____.
I see _____ in the mirror of Erised.
_____ is even better than _____.
_____ is going to go to Azkaban for _____.
_____ is how I got stains on the invisibility cloak.
Is it even possible to conjure _____?
_____ is not advised.
_____ is not very pureblood of you.
_____ is now banned in the corridors of Hogwarts.
_____ is probably a horcrux.
_____ is really hidden in the Chamber of Secrets.
_____ is seriously not the weirdest thing at Hogwarts.
_____ is stricly forbidden in the common room.
Is _____ such a good idea?
_____ is such a Hufflepuff.
_____ is surprisingly easy to accomplish.
_____ is surprisingly good in bed.
_____ is the heir of Slytherin.
_____ is the most dangerous weapon we know of.
_____ is the real reason that there won't be another Harry Potter book.
_____ is the reason boys aren't allowed in the girls' dormitories.
_____ is the reason Molly and Arthur Weasley got married.
_____ is the worst thing a Ravenclaw has ever been accused of doing.
_____ is what I use as my memory for my patronus.
_____ is what makes Dumbledore so damn attractive.
_____ is why Snape rhymes with rape.
It is rumoured amongst Death Eaters that Voldemort secretly enjoys _____.
It's leviosa, not _____.
It's right on the cover of today's Daily Prophet: _____!
It was a big surprise when my boggert turned into_____.
It was terrible. It was a fight: _____ versus _____.
I've written dozens of letters to the headmaster about _____.
I was banned from playing Quidditch because of _____.
I would consider _____ in exchange for a chocolate frog.
I would love to have dinner with _____.
J.K. Rowling recently said in an interview she regrets that _____ and _____ didn't end up together.
J.K. Rowling recently said she regrets forcing a relationship between _____ and _____.
Kingsley Shacklebolt is very aroused by _____.
Kingsley Shackleford is deathly afraid of _____.
_____ likes the idea of getting fucked by the giant squid.
"Look at what my father got me, it's _____!" Draco bragged.
Lucius Malfoy didn't realize he had actually given Dobby his _____.
Lucius Malfoy didn't realize he had actually given Voldemort _____.
Lucius Malfoy loves nothing more than _____.
Lucius Malfoy strokes his wand over _____.
Lucius Malfoy wanks to _____.
Luna and Hagrid found that they have a common interest in _____.
Madame Trelawney sees _____ in your future.
Mad-Eye Moody gets hot at thoughts of _____.
Mad-Eye Moody is guilty of _____.
_____ makes cunnilingus so much better.
Manipulating children is fine when you're _____.
Many Hogwards students went to the hospital wing with complaints of _____.
Master has given Dobby _____! Dobby is free!
Minerva McGonagall adores _____.
Moaning Myrtle moans because of _____.
Molly Weasley's worst fear is _____.
Moony, Wormtail, Padfoot and _____.
Moony, Wormtail, Padfoot and Prongs' first invention, _____, didn't go quite as well.
Mr. Filch would like me to remind you that _____ is strictly off limits.
Mr. Filch would like me to remind you that _____ is strictly off-limits.
Mrs. Weasley calls Mr. Weasley _____ when they are alone together.
Mrs. Weasley's Christmas present from Mr. Weasley was _____.
Mudbloods are best known for _____.
My attempt at a Philosopher's Stone changes ordinary metal into _____.
My boggart is a _____.
My father will hear about _____.
My friend lost his house 75 points for _____.
My mum just sent a howler about _____.
My patronus is _____.
My vagina is full of _____.
Narcissa Malfoy blushes at thoughts of _____.
Never trust anything that can think for itself if you can't see where it keeps its _____.
Neville Longbottom was surprised when he reached into the sorting hat and found _____.
Neville Longbottom was surprised when he reached into the Sorting Hat and found _____.
_____: new from Weasley's Wizarding Wheezes.
Next from JK Rowling, "Harry Potter and the Order of _____."
Next time you'll have to put _____ in the Goblet of Fire to compete.
Next year's Yule Ball will be DJed by _____.
Next year's Yule Ball will feature _____.
No need to call me _____, Professor.
No unicorn hair here. My wand has a core made of _____.
Ollivander considers _____ an inferior material for wandmaking.
One of the least known uses of dragon's blood is _____.
_____ only costs 7 galleons.
Pity the living, Harry, and above all, pity those without _____.
Polyjuice Potion prepared with my hair tastes and smells like _____.
Professor Slughorn, sir, I wondered what you could tell me about _____?
Professor Trelawney actually corretly predicted _____.
Professor Trelawney found _____ in my teacup.
_____ put me in St. Mungo's for two weeks.
Quirrel is hiding _____ under his turban.
Ravenclaws are really good at _____.
Remus Lupin is very good at _____.
Remus Lupin's guilty pleasure is _____.
Rita Skeeter is back with a scandalous article about _____.
Ronald _____ Weasley.
Ron's broken wand accidentally Accio's _____.
Ron Weasley masturbates over _____.
Secretly, Hermione spends time in broom cupboards with _____.
_____ sent me to Azkaban.
Severus Snape touches his nipples and thinks about _____.
_____ should be illegal.
_____ should be punished by _____.
Sirius Black cries over _____.
Sirius Black really likes _____.
Slytherins are best known for there cunning, resoucefulness, and their _____.
Slytherins are known for their cunning, cleverness and _____.
Slytherin will help you on the way to _____.
Snape died thinking _____.
Snape finds _____ disturbing yet oddly charming.
Snape uses _____ to style his hair.
_____ sounds like a terrible meal.
_____'s primary kink is _____.
_____ stinks! Support _____, the REAL Hogwars Champion!
_____? That sort of thing could get you sent to Azkaban.
The Daily Prophet is now being sponsored by _____.
The Department of Mysteries is now studying _____ to improve the lives of muggles and wizards alike.
The Department of Mysteries wants to study _____.
The 'Doofus Maximus' charm has the same effect as _____.
The Fat Lady, drunk with power, decided to change the password to _____.
The Hogwarts Express mysteriously stopped at _____ this year to pick up _____.
_____; The latest flavor of beans.
_____: The lesser known, fifth house at Hogwarts.
The lesser known fourth brother brazenly asked Death for _____.
The lost tale of Beedle the Bard: Babbity Rabitty and _____.
The main problem with _____ is all the business with _____.
The Marauders neglected to map the secret passage into Hogwarts found in _____.
The Ministry of Magic has just announced that they have put a new tax on _____.
The Ministry of Magic is putting out sanctions to control _____.
The Misuse of Muggle Artifacts recently punished some Muggle-baiters for _____.
Then Bellatrix Lestrange cackled with glee and said, "_____."
The newest mini-game on Pottermore features _____.
The newest Unforgivable Curse causes the inflicted to experience _____.
The next Triwizard Tournament has the Champions battling _____.
Then they started having sex, right on top of _____.
The number one 'awww' worthy thing at Hogwarts is _____.
The only thing you can say about Hufflepuffs is _____.
The only way to kill Voldemort is _____.
The password is "_____".
The prefects go crazy with _____ when everyone else is in bed.
The Quibbler rejected my story about _____.
The real reason Nick is only 'nearly headless' is because he was _____.
The rememberall kept telling Neville that he forgot about _____.
There's a spell for _____.
There's a spell for everything, even _____.
There should be a new book that pairs Severus Snape and _____.
There was a mass break-out at Azkaban. I heard tehy used _____ to escape.
The Room of Requirement can turn into whatever you happen to need, for example, just the other day I found it full of _____.
The Room of Requirement requires more _____.
The Room of Requiremet had just what I needed: _____.
The thing that made George Weasley cry most on his birthday was _____.
The Triwizard Tournament was finally banned after having _____ as a task.
The _____ was an unexpected and awkward interruption.
The Weasley twins wank over _____ and _____, respectively.
The whole party was shoocked to find _____ in the Lestrange's vault.
The worst Bertie Bott's Every Flavor Bean I ever ate tasted like _____.
They call me the Harry Potter of _____.
_____? They're not so dangerous.
This book is the property of the Half-Blood _____.
This year at Hogwarts I'm really looking forward to _____.
This year, the Hogwards Express mysteriously stopped for _____.
Today's Potter angst is brought to you by _____.
Today we will be learning to _____.
To me, Amortentia smells like _____, _____, and _____.
Tom Marvolo Riddle: I am _____.
Tom Riddle's next horcrux is _____.
Tom Riddle was shocked when Ginny began to write about _____ in the diary.
Umbridge has been forcing people to write lines that carved _____ into their flesh.
Upon puberty, witches and wizards at Hogwarts are taught to avoid _____.
Voldemort finds _____ very sexy indeed.
Voldemort's animagus would be _____.
Voldemort's plan B involved _____ and _____.
Voldemort split _____ into 7 pieces.
Voldemort's true weakness is _____.
_____ was parat of Professor Snape's daily routine.
Weasley's Wizards Wheezes has gotten into a fair bit of trouble regarding their sale of _____.
We can only defeat _____ by using _____.
We won't lose to Ravenclaw, Slytherin, or _____.
What am I scared is hiding under my bed? _____, that's what.
What could be for beautiful than _____?
What is unethical about _____?
What's more fun than _____?
What's that spell? "_____," replied Hermione.
When Bellatrix Lestrange masturbates, she fantasizes about _____.
When Daniel Radcliffe isn't playing Cards Against Humanity, he's _____.
When Ginny thinks about Harry's penis, she can't hlep but think about _____.
When I look in the Mirror of Erised, I see myself _____.
When Narcissa Malfoy masturbates, she thinks about _____.
When no one is looking, Professor McGonagall transforms into a _____.
When Ron got to the boggart, he was surprised to find that it had taken the shape of _____.
When Ron Weasley isn't afraid of spiders he's afraid of _____.
When she's not in her U-bend, Moaning Myrtle can be found _____ around Hogwarts.
When Wormtail forgets his Death Eater mask he wears _____ on his face as a disguise.
When you are done with the Marauder's Map, simply say _____.
Which came first, _____ or _____.
While Harry was struggling with Occlumency, Snape got a glimpse of _____.
While Harry was struggling wtih Occlumency, Snape got a glimpse of _____.
Who am I Parseltonging? I'll tell you - _____!
Who would have thought the Portkey would be _____.
Why do I always win? I'll tell you why: _____.
Why is it that _____ is so sexy?
Why spiders? Why couldn't it be '_____?'
"Why weren't you in potions?" asked Ron. "_____," Harry replied.
_____ will be teaching Defense Against the Dark Arts.
_____ will be teaching defense against the dark arts this year.
_____ will lie in the Chamber forever.
Word is that for 50 galleons you can purchase _____ from the trolley.
_____ would be a perfect addition to the Hogwarts halls.
You have your mother's _____.
You're going to get us _____. Or worse, expelled!
Your new Charms professor is _____.
