1000 years of goblin oppression
10 points to Dumbledoree!
10 points to Gryffindor
9 and 3/4 inches
a bearded bag that contains everything you need
a big fucking snake
a bigger, blacker Sirius Black
a Boggart that looks like a blue waffle
a broken Sneakoscope
a broomstick and some lube
absolutely nothing
a bunch of Gryffinwhores and Hufflesluts
a cake patronus
a capable Defense Against the Dark Arts professor
a cauldron full of hot, strong love
accidentally blowing up a relative that insulted your mother
accidentally blowing up a relative who insulted your mom
accidentally having a signature move, like a shitty, wizarding wrestler
accidentally killing your sister
accidentally turning yourself into a furry
achieving one's creature inheritance
a cool, cool motorcycle
actual dragon dildos
actually learning something because Harry Potter has graduated
actually paying attention in History of Magic
actual married couple Sirius and Remus
a dead Dobby
a dick-shaped scar on your head
a dildo wand
a disorganised Gryffindor orgy
a feral runespoor
a filthy mudblood
a Firebolt
a fistful of Floo Powder
a flying car
a flying motorbike that can shoot dragon fire
a furry little problem
a gassy thestral
a good ol' virgin sacrifice
a Hagrid dick pic
a hand-written letter that is comprised of the word "twat" two hundred times in neat handwriting
a happy little House Elf
a horde of angry centaurs
a house-elf sized coffin
a howler sext
a Hungarian Horntail
a hutch of racing pigeons
a jumper knitted cleverly by Molly Weasley
a Kingsley Shacklebolt sex dream
Alan Rickman
Alastor Moody's mad eyes
Alastor Moody's third wooden leg
Albus Dumbledore running naked in the halls
Albus Dumbledore's big black dick
Albus Dumbledore's long, soft beard
a leaky wand
a little black dress
all the dirty things that ever happened in the Room of Requirement
all the muggles, mudbloods and squibs
all those cute couples strolling around
all your best friends dying
a love potion
a mad eye that can see through all cloaks
a magical disappearing act
a magical full body orgasm
Amelia Bones
a minimum-security Azkaban where the inmates get rehabilitated instead of being tortured
Amortentia
a motherfucking stag
a mysterious ticking noise
a name as mundane an unexciting as "Harry"
an army of kneazles
ancient runes
Andromeda Tonks
an edition of Witch Weekly
an egg that screams or sings depending on its surroundings
an enchanted mirror that call you a dickhead
an evening out with Mrs. Norris
an illegal magic carpet
a Nimbus 2000
an inappropriate goal celebration in Quidditch
an incestual Weasley orgy
annoying Gryffindors
an old grumpy wizard that refuses to wear pants
an unauthorized biography written by Rita Skeeter
an undetectable extension charm
an unrequited love triangle
a one-eyed witch with a hump
a penis patronus
a penis pump
a penis that swings with the rhythm of a pendulum
a pointy hat
appearing naked on the cover of Witch Weekly
a private ticket to the Weasley's Wizard Wheezes back room
a Puffeskein with a taste for smegma
a quidditch match that lasts three years
a raucous rendition of "Weasley is Our King"
a report of cauldron bottom thickness
Ariana Dumbledore
a romantic date in the Chamber of Secrets
arousal potions
Arthur, Molly, Bill, Charlie, Percy, Fred, George, Ron, and Ginny Weasley
Arthur Weasley
Arthur Weasley, fascinated by muggle technology
a scarf enchanted with a dozen protective charms
a secret in class handjob
a secret room full of dead students
a shitload of Dungbombs
Ashwinders
a Sirius and Buckbeak porno
asking the question: "Is it really bestiality?"
a slender, 13-inch wand
a sneaky handjob
a squirrel patronus
assigning all the bad seeds to one house
assuming all squibs are retarded
a steaming bag of hippogriff poo
a strong fetish for gingers
a surprising lack of representation
a terrible godmother
a tiny unicorn
a token black wizard
a troll in her dungeon
a troll in the sex dungeon
a trophy that is also a Portkey
attempting to seduce Professor McGonagall
attending Durmstrang
a twenty-foot-long basilisk
a twitching clitoris
Auguries
AVADA KEDAVRA!
a very affectionate lethifold
a vibrating battery-operated Nimbus 2000
avoiding dunderheaded morons with no talent for potions
a Weasley's Wizarding Wheezes wet dream charm
a white peacock
a winged key going up Arthur Weasley's anus
a wizarding school in the middle of fucking nowhere
awkwardly sharing a scone at Madam Puddifoot's while your date cries
a young Albus Dumbledore
Babbity Rabbity's Cackling Stump
baby mandrakes
Barty Crouch Jr's tongue thing
basilisks that make you rock hard all the time
Bathhilda Bagshot's rotten, smelly house
Beauxbatons Academy of Magic
Beauxbaton's nipple hats
because Dumbledore said so
becoming immortal at the price of your nose
becoming Minister for Magic
Beetle's eyes
being a dick to children
being a florist
being a house elf
being a love potion baby
being a Parselmouth
being a particularly good finder
being a spoiled brat
being as shit at Qudditch as the Chudley Cannons
being a Veela
being chased by Inferi
being dead
being denied orgasm for over an hour
being excused from being a bully because you're conventionally attractive
being Harry freaking Potter
being Hogwarts' headmaster
being made to come six times over
being Percy Weasley in the streets, but being Bill between the sheets
being so boring you don't even notice you're dead
being sorted into Gryffindor
being sorted into Hufflepuff
being sorted into Jigglypuff
being sorted into Slyherin
being up a troll's arse
being violated by a hippogriff
Bellatrix Black's pussy
Bellatrix blowing Tom Riddle
Bellatrix Lestrange
bending over the soap in Azkaban
Bertha Jorkin's meat curtains
betraying your friend to the Dark Lord
Bill Weasley
Bill Weasley's other piercing
Black Hermione
blaming the nargles
Blast-Ended Skrewts
blowing Dumbledore whilst he's speaking to the Minister of Magic
braiding one's hair with black ribbon
breaking an Unbreakable Vow
breaking every single rule and only gettng a slight scolding
breaking into Gringotts
breeding dragons illegally
bringing a pet to school that's neither a rat, cat, nor toad
broomstick drag racing
bruises
buckets of gay sex
Butterbeer
calling Severus Snape a fuckboy
candies that make you sick for some reason
can you stop needing people to day for you?
casting Engorgio on your boobs
casual manipulation of the facts
casual sex under the Whomping Willow
catching the snitch in your vagina
catching the Snitch when your team is down 160 points
cat food
Cedric Diggory
Cedric Diggory drowning in pussy
Cedric Diggory's bloated corpse
Cedric's cold corpse
changing the room of requirement into a sex dungeon
charging $100 for Moaning Myrtle's tears
Charlie Weasley
Charlie Weasley giving up quidditch to 'chase dragons'
Charlie Weasley's arms
Cho Chang
Cho Chang's yeast infection
chocolate
chocolate frogs
Christmas baubles adorned with Harry Potter's face
classical Harry Potter erotica
cockroach clusters
Colin Creavey sneaking into the hospital wing to give Harry a blowjob
combing one's hair
conjuring dildos and making them attack your enemies
conservative values
constant vigilance
contraceptive charms
cooking with Snape's hair grease
copiously using glitter
Cormac McLaggen's busy hands
Cornelius Fudge's lime green bowler hat
Cornelius goddamn Fudge
covering an embarrassing erection with the sorting hat
cradling the dead body of the girl who rejected you in high school
crappy Harry Potter pickup lines
Crookshanks
Crookshanks, the bandy-legged ginger cat
crossdressing
crumple-horned Snorkacks
crying because of Fred
crying because of Hedwig
dancing naked in Dobby's tea cosy
dancing with a Quidditch World Cup player instead of a thick redhead
Daniel Radcliffe
Daniel Radcliffe's penis
dark magic
daydream charms used for sexual purposes
dead parents
dead people
Dean and Seamus - at the same time
Dean Thomas
Dean Thomas' life-like portraits
Death Eaters
deciding the Defense Against the Dark Arts professor would be a great move professionally
decimating your arsehole with interspecies fun
Dementors that suck your soul through your dick
Dennis Creevy
denying your partner orgasm and watching them squirm
despising magic
despising Muggles
Dirk Cresswell
Dobby
Dobby's cock
Dobby spanking Winky with a sock
Dobby's sock
Dobby's tiny asshole
Dobby watching you while you sleep
doing a contraceptive charm wrong and making your dick turn purple
Dolores Umbridge
Dolores Umbridge bathing in virgin's blood
Dolores Umbridge gettng gangbanged by Centaurs
Dolores Umbridge's saggy tits
dozens of imps
Draco and Harry 69ing
Draco in leather pants
Draco Malfoy in a sexy nurse's outfit
Draco Malfoy rolling on the floor
Draco Malfoy's hair dye
Draco Malfoy's obviously bleached hair
Draco Malfoy's perfectly coiffed hair
Draco Malfoy's questionable sexuality
Draco 'Poopy Pants' Malfoy
Draco's apple
dragon aids
dragon pox
dragon's dildos
drawing Serverus Snape like one of your French girlfriends
drawing your own dark mark
dressing like a filthy muggle
dressing like a punk
dressing Padfoot in people clothes
drinking unicorn blood
drunken house elves
drunk Seamus
dry humping the cardboard cutout of Cedric
Dudley Dursley washed up on a beach
Dumbledoree entering a Gandalf the Grey lookalike contest
Dumbledoree's questionable hiring practices
Dumbledore saying it wrong
Dumbledore's Gay Army
Dumbledore shittng all over a house-elf
Dumbledore's last boner
Dumbledore's magical wardrobe
Dumbledore, the half-dead
dying just like Sirius Black
dying so hard the only thing that's left is a finger
eating a hippogriff
eating Dumbledore's beard to gain his power
eating floating cupcakes
eating to feel better
Ebony Dark'ness Dementia Raven Way
Emma Watson
emotional abuse
enchanted dildos
enchanted sex toys
enchanting erotic pictures so that they move
ending slavery
"Engorgi!"
enjoyng gettng slapped in the face
ethnic cleansing
Expectopatro-nads!
EXPELLIARMUS!
explaining basic physics to wizards
extremely large breasts
Fawkes
Felix Felicis
Fenrir Greyback's inner thighs
"Fetus Deletus"
Filch's cat
Filch's moth eaten tux
filling the house cup with fire whiskey
finding out your patronus is a sea cucumber
finding shit
firing red sparks into the air whilst balls deep in the Triwizard Cup
five lizards, no more, no less
Fleur Delacoeur
Fleur's steamy fart
Floo powder power
flying under the influence
forcing an entire species to cook your dinner and clean your linens
forcing children to live in cupboards
forgetting all about Peeves
forgetting to use 'Reparo' on your condom
freckled testicles
Fred and George's freckled cocks
Fred and George throwing snowballs at Voldemort
freshly cut grass
freshly fondled Cornish pixies
Frogspawn
fucking actual animals while in your Animagus form
fucking a flobberworm
fucking a House Elf
fucking bowtruckles
fucking in front of portraits
fucking Rita Skeeter over a table
fucking your best friend's sister
fucking your best friend's sister because he got the girl
Fudge's green bowler hat
fun times with the in-laws!
gallivanting around with a werewolf while disguised as a stag
gay wizards
George's missing ear
George Weasley
George Weasley looking into the mirror of Erised and seeing Fred
getting a finger in the anus by a Dementor
getting baked with super strong enchanted wizard weed
getting caught by your roommate doing inappropriate wand things
getting drunk on butterbeer
getting drunk so often that your rememberall is permanently red
getting drunk with Slughorn
getting fucked by a giant
getting fucked by so many people your stomach sloshes
getting fucked from behind by Fenrir Greyback
getting gangbanged by centaurs
getting incestuous
getting into someone's Chamber of Secrets
getting lost in a giant's vagina
getting magically ejected from the girls' dormitory
getting ridiculously drunk
getting ripped apart by vampires
getting your arse kicked by a tree
gettng a blowjob from the monster book of monsters
gettng down like a Hippogriff
gettng fucked in the arse
ghost rape
Gilderoy Lockhart
Ginny Weasley
Ginny Weasley naked on a broom
Ginny Weasley's 16th birthday
giving Dobby used underwear
giving Severus Snape shampoo for Christmas
giving Slughorn a blowjob to get Potions extra credit
giving the house-elves a night off
giving Ton-Tongue Toffee to your boyfriend before sex
giving your baby brother a life-long phobia of spiders
gnome beauty pageants
Godric Gryffindor's body hair
Godric Gryffindor's skeleton
going to Beauxbatons
going to St Mungo's to have your wand removed from an orifice it should not be inside
Granger danger
Gryffindor
Gryffindork
Gryffindor's sword
Gurdyroot tea
Hagrid
Hagrid and Aragog cuddling
Hagrid and Madame Lympe Maxime's sex tape
Hagrid's butt crack
Hagrid's newest pet
Hagrid's pubic hair
Hagrid's undoubtedly huge penis
Hagrid, wanking to pictures of his dragon
Hagrid wearing a thong
hanging on the telephone
hardcore BDSM in the Room of Requirement
Harry Potter as a sexy French maid
Harry Potter breaking just about every rule and getting 100 house points for it
Harry Potter's cockblocking skills
Harry Potter's delicious asshole
Harry Potter whining like the little bitch he is
Harry's dead parents
Harry's lesbian haircut in movie 5
Harry's limp wand
Harry's "wand"
Harry yelling "EXPECTO PATRONUM" before turning into a stag
having a beautiful wand
having a magical accident that sends you to St Mungo's
having an iguana for a Patronus
having an orgy with the entire Slytherin Quiddich team
having a Puffeskein for a patronus
having a Weasley load of children
having a worse love life than Aragog
having gorgeous hair
having one's dirty laundry aired in The Daily Prophet
having sex on the Knight Bus
having sex with a Metamorphmagus
having sex with a werewolf
having to explain to Madam Pompfrey why you used Engorgio on your dick
having to take your grandmother to St Mungo's for a sex-related injury
having to talk to the disturbingly predatory Fenrir Greyback
having your dad as a patronus
hearing all the cool stuff the other characters do while some teenage wizards camp out in the forest for 400 pages
Hedwig's corpse
Helga Hufflepuff's bosom
herbology
herding thousands of snakes into battle
Hermione Granger
Hermione Granger in a fursuit
Hermione Granger's left breast
Hermione's ball gown on the floor
Hermione's bush(y hair)
Hermione sproutng tentacles
He-Who-Must-Not-Be-Named
hidden teen pregnancy
hiding Hermione's breasts for one more movie
hiding your nudity behind a thestral
Hogwarts
holding onto your wand for dear life
horcruxes
Horklump fondling
hot Veela fantasies
house elf cum
House Elves that perform sexual favors
how gorgeous Blaise Zabine is
how hot Voldemort used to be
how sexy Tom Riddle used to be
"How to Please Your Wizard's Wand" by Fiona Hardick
Hufflepuff
Hufflepuff being the stoner house
Hufflepuff getting Hufflefucked out of the House Cup
hugging the Dark Lord
I figured my grade couldn't get any worse, so why bother?
inappropriate Ravenclaws
inappropriate snitch flesh memories
inappropriate use of one's Animagus form
inbred wizard rednecks
inter-house romances
interspecies lovemaking
I shouldn't have said that
I solemnly swear that I am up to no good
James Potter
James Potter playing seeker terribly
James Potter playng with a snitch for no discernable reason
James Potter's delicious arsehole
James Potter's stag dick
J.K. Rowling giving all of her money to charity and not being able to afford her rent
J.K. Rowling's new book
joining a prison gang while in Azkaban
Judas Black
killing the ice cream man just for giggles
kilos upon kilos of sweets
King's Cross Station
Kingsley Shacklebolt
Kingsley Shacklebolt looking classy as fuck
Kingsley Shackleford's fancy clothes
knowing that Snape still has a massive tool
Kreacher's stained loincloth
Lavender Brown
Lavender Brown's furry little problem
Lavender Brown's lllustrious porn career
Lavender Brown spanking Ron Weasley
leather pants
leather trousers
LeviOsa not LeviosA
licking her Bertie Botts Every Flavored Bean
licking out the labia
Lily and James Potters' graves
Lily Evans
Lily Evans cursing your genitals
Lily Potter
living in a large bird cage
long, boring speeches about love or some shit
looking into the Mirror of Erised and seeing only yourself
losing the House Cup because Harry and his friends went on another fucking adventure
losing your glasses                                                                                                                       a sordid affair with Remus Lupin
losing your wand and using your dick instead
love potion rape
Lucius Malfoy clad in French lingerie
Lucius Malfoy's aristocratic penis
Lucius Malfoy's luscious locks
Lucius Malfoy's sex appeal
Ludo Bagman
Lumos
Luna Lovegood
Luna Lovegood losing her clothes
Luna Lovegood's skills in bed
Luna's goblin testicle earrings
Lupin and Tonk's frigid corpses
Madame Maxime's jumbo tampons
Madame Rosmerta's luscious tits
Madam Pompfrey
Mad-Eye Moody looking through your shirt
magical bondage
magical bras
magical dick piercings
magically induced lactation
magically replacing your brother's stuffed animal with a spider
magical nudes that move
making a ridiculously over the top anagram of your name
making out with a Dementor
Manticore cock
marathon sex sessions
Marlene McKionnon
masochistic House Elves
massive, massive dicks
masturbating to a pensieve memory of banging your ex
McGonagall's wrinkled vagina
memory charms
Merpeople fetish
milking the prostate
milking the snake
mischief managed
moaning like Myrtle
Molly Weasley
Mollywobbles
Movie Sirius Black
Mrs. Weasley's fruitcake
Mudblood
muggleborns making pop-culture references
murderng goblins
my father will hear about this!
my furry little problem
my hopes and dreams
my useless friend, Ron Weasley
my wand
my wizard's staff
naked Dumbledore riding bareback on Firenze with Bane shovng a horn up his arse
naming kids after dead parents
networking at the Slug Club
never coming back from holiday in Albania
Neville Longcock
Neville Motherfucking Longbottom, that's who
Neville's grandmother
Neville stroking his Mimbulus Mimbletonia
not how I planned this day, I'll be honest
not knowing your dragon is female
not letting most species use wands
not-so-secretly wishihg you were at Hogwarts
Nox
Number 4 Privet Drive, Little Whinging, Surrey
off-label use of Skele-Gro
off-screen death of your favorite characters
old, bearded puppet masters
Oliver's wood
Oliver Wood's special wand
Oliver Wood, the walking innuendo
Ollivander's tiny, tiny nipples
one hundred duck-sized Hippogriffs
oppressing goblins
organizing a Slythern orgy
owl pellets
owning a small dragon
Padfoot
Padfoot's tendency to shed dog hair
Padma Patil
Pansy Parkinson
PANTILONIUS POOPICUS!
Parseltonguing someone's trouser snake
Peeves finding you masturbating
Peeves up to his usual antics
Penelope Clearwater's taste in men
Percy's flat, freckled arse
Percy Weasley's freckled, tight arse
Percy Weasley taking it up the butt
performing anal on the Knight Bus
Peter Pettigrew
Peter Pettigrew's leftover finger
Peter Pettigrew watching little boys change
Petunia Dursley's queef
pink robes
pissing in Moaning Myrtle's toilet
pissing in someone's butterbeer
placing an undetectable extension charm on Cho Chang's vagina
Platform 9 3/4
playing a rousing game of Quidditch
playing strip quidditch
playing wizards chess with your penis as the king
polishing your wand
Polyjuice potion induced furry sex
Polyjuice prostitutes
Polyjuicing into an idiot
Pomona Sprout
pornographic daydream charms
portkeys
posters of motorcycles and mugggle women in bikinis
potion-making
practicing Lingardium Leviosa on yourself
pranks from Peeves
Priori Incantatem
probably sex
probity probes
Professor McGonagall feeding you biscuits
Professor McGonagall's overused sex toys
Professor Quirrel
Professor Slughorn having explosive diarrhoea
professors playing favorites
Professor Trelawney's drinking habit
Professor Umbridge's unspeakable experience in the Forbidden Forest
Prongs
pulling Godric Gryffindor's sword out of my pants
pumpkin juice and vodka
pumpkin pasties
punching Malfoy in his white skinny face
pureblooded dick
pureblood inbreeding
putting my basilisk in your chamber of secrets
putting smegma in the pumpkin juice
quaffing unicorn blood to stay youthful
random red-headed splinched twat floating in the Room of Requirement
randy house-elves
Ravenclaw
reading thousands of books
realising your pet rat is a demented killer
realizing that fog is Dementor jizz
realizing that Neville is the hot one
rearing children for sacrificial death
receiving a tender blowjob
regretting all the ships that never sailed
Remus Lupin's heterosexuality
Remus Lupin's pubes
Remus Lupin's sexy librarian look
Remus Lupin's time of the month
Remus Lupin's wolfy passions
riding a basilisk into battle
riding a winged undead horse you can't see
ringing the bell
Rita Skeeter's Quick Quotes Quill
rogue lethifolds
Ron and Hermione in the back of the Ford Anglia
Ron and Hermione's sex tape
Ron's broken wand
Ron's rat actually being a man
Ron's semen
Ron's sweaty hands
Ron turning down the offer of a blowjob from Harry
Ron Weasley in a beautiful blue dress
Ron Weasley's freckled penis
Ron Weasley's super buff keeper bod
Roonil Wazlib
Rowena Ravenclaw's clever fingers
Rowena Ravenclaw's Diadem
Rubeus Hagrid
Rubeus Hagrid in a mankini
Rufus Scrimageour's sexily stern demeanor
running around the Great Hall, casting curses and screaming like a Hungarian Horntail
Rupert Grint's ice cream truck
Salazar Slytherin's arse
Salazar Slytherin's noble work
saying things in a mild tone as if you're not a fucking bitch
Scabbers the Rat
scantily clad goblins
SECTUMEMPRA!
seducing ever single person on the Hogwarts' staff
seducing Minerva McGonagall
seeing Fred's reflection rather than your own
seeing things from Slughorn's perspective
selling muggle drugs to students as candy
setting things on fire
seven minutes in heaven with Voldemort
Severus Snape
Severus Snape in PVC
Severus Snape's abnormally large nose
Severus Snape's inexplicable sex appeal
Severus Snape's pale but fairly thick prick
Severus Snape whining about the friend zone
Severus Snape whispering to 'turn to page 394'
sex on top of the Marauder's map
sexting via owl
sexually explicit Howlers
sexual secrecy
sexy times
shagging a centaur
Shape's hair grease
shaving one's legs
shaving one's penis (carefully)
shipping Luna and Neville
shitting out a horcrux
shitty quality Harry Potter memes
shoelaces
shoving a bezoar down your throat
singing "I killed Sirius Black" over and over
Sirius Black's indescribable sexual magnetism
Sirius' sex partners
Sirus Black: the world's biggest drama queen
skipping meals to read in the library
slapping your partner across the face
sleeping with all the Weird Sisters
sleeping with Wormtail every night
Slimy Slytherins
Slughorn drugging students
Slughorn's Club for little boys
Slytherin
Slytherin dungeon porn
Snape and McGonagall making passionate love
Snape in drag
Snape's button
Snape's diary
Snape, Snape, Severus Snape
Snape teaching about anal fisting with a snitch
Snape the potions master
snogging all over the Hogwarts grounds
snorting Floo Powder
snorting Floo Powder to go on a mental journey
some bird named Audrey
some muggle device that vibrates
someone with a bird fetish visting the owlery
something that can burn, sting, bite and suck all at once
so much underage sex
spanking your partner so hard they cry
spending 48 hours with the Dursleys to get some blood protection
spending an eternity in Azkaban
spending time in Dumbledore's office
spending years in Azkaban
spicy dragon cum
spit-roasting Kreacher
stealing Seamous Finnigan's lucky charms
St Mungo's cure for penis warts
stop staring and kill the fucking Dark Lord, oh my God, how are you not dead yet?
stupid bastard Potter
submissive Hufflepuffs
sucking Dumbledore's cock
summoning underwear from the girls' dorm
swishing and flicking
taking a non-regulation pet to Hogwarts
taking Hermione into the bathroom to play 'hide the basilisk'
taking note of Cormac McLaggen's girth
taking nudes with Colin Creevy
talking dirty in Parseltongue
talking pictures
tapping that ass
teaching wizards to code
tearing off your nipples in a Ministry accident
terrorizing sheep
that fucking Harry Potter epilogue
that scene where Draco took a bite of out an apple in Harry Potter
that tingling sensation you get when you see Sirius Black transform
the actual love triangle between Harry, Ron, and Hermione
the awkward moment when you have no idea who You-Know-Who is
the bizarre and horrific ordeal that conceived Rubeus Hagrid
the bland green color scheme of the Slyterin common room
the Boy Who Lived
the Chamber of Secrets
the color orange
the Cruciatus Curse
the cupboard under the stairs
the Dark Lord Moldysnot's Booger Pickers
the Deathly Hallows
the Dementor's kiss
the depths of wizarding Hell
the Diagon Alley sex shop
the difference between book Ron Weasley and movie Ron Weasley
the dozens of Weasley children
the Durmstang Institute
the Elder Swear
"The emotional range of a teaspoon"
the entire Gryffindor Quidditch team
the eternal horror of the worst monster: a Muggle dentist
the feeling you get when you ride a broomstick for the first time
the Forbidden Forest
the Fountain of Fair Fortune
the function of a rubber duck
the ghetto that is the Weasley house
the Giant Squid
the Goblet of Fire
the Golden Snatch
the hideous drapes around the Gryffindor beds
the Hog's Head
the Hufflepuff agenda
the hundreds of cats in the halls of Hogwarts
the immense pain of a werewolf transformation
the Imperius Curse
the Infamous Hogwarts Jaguar
the Killing Curse
the (lack of) money in the Weasley's bank vault
the last wizard on Earth
the lovechild of Donald Trump and Delores Umbridge
the luscious Lucius Malfoy
the magical equivalent of social networking
the Marauders
the Marauder's Map
the Minister of Magic stood in a toilet
the Noble and Most Ancient House of Black
the old lady who sells sweets on the Hogwards Express
the only Jew at Hogwarts
the overwhelming cuteness of Luna Lovegood
the Philosopher's Stone
the Polyjuice potion
the potential sexual application of being a Metamorphagus
the prefect's bathroom
the real reason Cho Chang left China
the real reason James Potter was called "Prongs"
"There's no need to call me, Sir, Professor"
the rest of the Marauders gangbanging Peter Pettigrew
the Room of Requirement
the savior of the wizarding world
the scarf of sexual preference
the seeker
the sexiness of someone's animagus form
the sexual tendencies of werewolves
the sexual tension between Harry and Hermione
the shit names Harry gave his kids
the Shrieking Shack
the Sorting Hat
the sorting hat drunk on its own power
the Sorting Hat's messge of unity
the sound of Arthur and Molly Weasley shagging loudly in the room next door
the stuff Hagrid finds in his beard
the sword of Godric Gryffindor, glittering with rubies
the systematic enslavement of House Elves
the ticking clock of all our limited lives
the token muggle-born
the Triwizard Tournament!
the two different guys playing Dumbledore
the uncomfortable fact of Hagrid's conception
the undoubtedly dangerous hobby of collecting rare dragon eggs
the Unforgivables
the Warlock's Hairy Heart
the way Dumbledoree's balls dangle around his knees, at this point
The Whomping Willow
the Whomping Willow in a thunderstorm
the Whomping Willow's burly branches
they will be missed
thinking Jigglypuff is a Hogwarts house
thinking the Forbidden Forest is a great vacation spot
thousands of wizards
tickling sleeping dragons
time alone in the prefect bathroom
toads, thousands of them
toilet seats
Tom Riddle's huge snake
traditional romance
transfiguration
transfiguring your dick into an actual parrot
tricks and treats
Troll boggeys
trusting the Dark Lord not to off you the second you become useless
tryihg to get your phone to work at Hogwarts and mutilating its circuitry beyond all recognition
trying to ignore the tittering from the portraits you masturbate in front of
trying to speak Parseltongue with a lisp
turning a Nokia into your final horcrux
twincest
two thousand defective broomsticks
tying one's hair up with ribbons
Uncle Vernon reading the Daily Mail
Unforgivable Curses that are used in a totally forgivable way
unicorn meat
upgrading from owl post to electronic mail
using a broom as a dildo
using a broomstick as a marital aid
using a dick as a portkey
using a Firebolt for firewood
using a jellylegs jinx on your cock
using a magical eye to look through students' clothing
using an unforgivable curse for sexual pleasure gain
using a pensieve to relive an orgasm
using a time-turner to become your own grandparent
using a time turner to have sex with your past self
using a Vanishing Cabinet
using firearms or nuclear weapons instead of magic
using magic to enlave your classmates
using Mr. Weasley's plugs inappropriately
using Peruvian Instant Darness Power to snog in private
using roofies in place of a love potion
using swords in the bedroom
using the Elder Wand as anal beads
using the invisibility cloak to sneak into the girls' bathroom
using the nickname "Snuffles"
using The Quibbler as toilet paper
using the time turner to go back in time to fuck yourself
using transfiguration for punishment
using Unforgiveable Curses on children
using your safe-word
vague connotations of child abuse
Veela allure
Vernon Dursley's fat fucking face
Vernon Dursley's inevitable heart attack
very lacy undergarments
Victor Krum's man meat
Voldemort hiding underneath my turban
Voldemort performing the Dance of the Sugar Plum Fairy
Voldemort's blank, flat crotch
Voldemort's hairless ballsack
Voldemort's (lack of a) nose
Voldemort's nipple
Voldemort's nose
Voldemort's noseless face
Voldemort's snake
vomiting slugs for hours
vomiting up slugs
waiting until my father hears about this
waiting until the end of the school year to actually try to kill Harry
waking up next to Fenrir Greyback
waking up with a lightning bold shaped scar on your cock
wand envy
wands to finish off Voldemort
watching dragons breed
watching Purebloods wince at the provocative nature of muggle clothing
waving a Gryffindor flag in public
waving around a stick
wearing a miniskirt
wearing a vibrator in Potions class
wearing glasses
wearing Neville's Gran's clothes
wearing nothing under your robes
weird sorcererous kinks
Well, shit, there's a knife in my chest
werewolf pornography
wet dreams starring your best friend's sister
what Aberforth did with that goat
whipping out the Elder Wand
Winky's drinking problem
wishing you had a time-turner so you could go back and kill Voldemort
Wixen pornographic magazines
Wixen sex education
wizarding lingerie
wizarding pornographic magazines
wizard porn
wizard sex ed
wizards incorrectly dressed as muggles
wizard sleeves
wondering if Tonks' carpet matches her drapes
Wormtail
Wormtail keeping James' dick as a souvenir
Xenophilius Lovegood's crackpipe
you have your mother's eyes
"you know who"
your father's love and affection
your mother's love and affection
your worst fear
